================================================================================
MULTI-HORIZON SIMULATION VALIDATION TEST
================================================================================
Loading models from twin_models_full.joblib...
Warning: Could not load stem_participation: 'area_code'
Warning: Could not load waste_recycling_rate: 'area_code'
Initial state shape: (263, 30)
Initial state columns loaded: 28 indicators

================================================================================
TESTING HORIZON: 1 YEAR(S)
================================================================================

  Scenario: baseline
  | Education multiplier: 1.0
  | Healthcare multiplier: 1.0
  | Tax multiplier: 1.0
    Status: [OK] VALID
    Year 2026:
      - Income: 174,388 ▒ 92,863
      - Unemployment: 0 ▒ 2
      - Life Expectancy: 84.62 ▒ 0.00

  Scenario: high_spending
  | Education multiplier: 1.5
  | Healthcare multiplier: 1.5
  | Tax multiplier: 0.8
    Status: [OK] VALID
    Year 2026:
      - Income: 256,431 ▒ 103,356
      - Unemployment: 0 ▒ 0
      - Life Expectancy: 97.69 ▒ 0.00

  Scenario: low_spending
  | Education multiplier: 0.7
  | Healthcare multiplier: 0.7
  | Tax multiplier: 1.2
    Status: [OK] VALID
    Year 2026:
      - Income: 147,547 ▒ 98,791
      - Unemployment: 4,325 ▒ 153
      - Life Expectancy: 78.10 ▒ 0.00

================================================================================
TESTING HORIZON: 3 YEAR(S)
================================================================================

  Scenario: baseline
  | Education multiplier: 1.0
  | Healthcare multiplier: 1.0
  | Tax multiplier: 1.0
    Status: [OK] VALID
    Year 2026:
      - Income: 174,388 ▒ 92,863
      - Unemployment: 0 ▒ 2
      - Life Expectancy: 84.62 ▒ 0.00
    Year 2027:
      - Income: 179,314 ▒ 89,450
      - Unemployment: 0 ▒ 0
      - Life Expectancy: 84.82 ▒ 0.00
    Year 2028:
      - Income: 183,932 ▒ 90,466
      - Unemployment: 0 ▒ 0
      - Life Expectancy: 84.88 ▒ 0.00

  Scenario: high_spending
  | Education multiplier: 1.5
  | Healthcare multiplier: 1.5
  | Tax multiplier: 0.8
    Status: [OK] VALID
    [ERROR] 'charmap' codec can't encode character '\u26a0' in position 4: character maps to <undefined>

  Scenario: low_spending
  | Education multiplier: 0.7
  | Healthcare multiplier: 0.7
  | Tax multiplier: 1.2
    Status: [OK] VALID
    Year 2026:
      - Income: 147,547 ▒ 98,791
      - Unemployment: 4,325 ▒ 153
      - Life Expectancy: 78.10 ▒ 0.00
    Year 2027:
      - Income: 105,683 ▒ 92,989
      - Unemployment: 8,472 ▒ 319
      - Life Expectancy: 76.37 ▒ 0.00
    Year 2028:
      - Income: 62,324 ▒ 84,463
      - Unemployment: 12,436 ▒ 463
      - Life Expectancy: 75.86 ▒ 0.00

================================================================================
TESTING HORIZON: 5 YEAR(S)
================================================================================

  Scenario: baseline
  | Education multiplier: 1.0
  | Healthcare multiplier: 1.0
  | Tax multiplier: 1.0
    Status: [OK] VALID
    Year 2026:
      - Income: 174,388 ▒ 92,863
      - Unemployment: 0 ▒ 2
      - Life Expectancy: 84.62 ▒ 0.00
    Year 2027:
      - Income: 179,314 ▒ 89,450
      - Unemployment: 0 ▒ 0
      - Life Expectancy: 84.82 ▒ 0.00
    Year 2028:
      - Income: 183,932 ▒ 90,466
      - Unemployment: 0 ▒ 0
      - Life Expectancy: 84.88 ▒ 0.00
    Year 2029:
      - Income: 188,100 ▒ 91,437
      - Unemployment: 0 ▒ 0
      - Life Expectancy: 84.90 ▒ 0.00
    Year 2030:
      - Income: 191,958 ▒ 92,365
      - Unemployment: 0 ▒ 0
      - Life Expectancy: 84.90 ▒ 0.00

  Scenario: high_spending
  | Education multiplier: 1.5
  | Healthcare multiplier: 1.5
  | Tax multiplier: 0.8
    Status: [OK] VALID
    [ERROR] 'charmap' codec can't encode character '\u26a0' in position 4: character maps to <undefined>

  Scenario: low_spending
  | Education multiplier: 0.7
  | Healthcare multiplier: 0.7
  | Tax multiplier: 1.2
    Status: [OK] VALID
    Year 2026:
      - Income: 147,547 ▒ 98,791
      - Unemployment: 4,325 ▒ 153
      - Life Expectancy: 78.10 ▒ 0.00
    Year 2027:
      - Income: 105,683 ▒ 92,989
      - Unemployment: 8,472 ▒ 319
      - Life Expectancy: 76.37 ▒ 0.00
    Year 2028:
      - Income: 62,324 ▒ 84,463
      - Unemployment: 12,436 ▒ 463
      - Life Expectancy: 75.86 ▒ 0.00
    Year 2029:
      - Income: 21,036 ▒ 76,240
      - Unemployment: 16,216 ▒ 586
      - Life Expectancy: 75.71 ▒ 0.00
    Year 2030:
      - Income: 7,906 ▒ 65,916
      - Unemployment: 19,816 ▒ 690
      - Life Expectancy: 75.66 ▒ 0.00

================================================================================
TESTING HORIZON: 10 YEAR(S)
================================================================================

  Scenario: baseline
  | Education multiplier: 1.0
  | Healthcare multiplier: 1.0
  | Tax multiplier: 1.0
    Status: [OK] VALID
    Year 2026:
      - Income: 174,388 ▒ 92,863
      - Unemployment: 0 ▒ 2
      - Life Expectancy: 84.62 ▒ 0.00
    Year 2027:
      - Income: 179,314 ▒ 89,450
      - Unemployment: 0 ▒ 0
      - Life Expectancy: 84.82 ▒ 0.00
    Year 2028:
      - Income: 183,932 ▒ 90,466
      - Unemployment: 0 ▒ 0
      - Life Expectancy: 84.88 ▒ 0.00
    Year 2029:
      - Income: 188,100 ▒ 91,437
      - Unemployment: 0 ▒ 0
      - Life Expectancy: 84.90 ▒ 0.00
    Year 2030:
      - Income: 191,958 ▒ 92,365
      - Unemployment: 0 ▒ 0
      - Life Expectancy: 84.90 ▒ 0.00
    Year 2031:
      - Income: 195,587 ▒ 93,256
      - Unemployment: 0 ▒ 0
      - Life Expectancy: 84.90 ▒ 0.00
    Year 2032:
      - Income: 199,042 ▒ 94,115
      - Unemployment: 0 ▒ 0
      - Life Expectancy: 84.90 ▒ 0.00
    Year 2033:
      - Income: 202,356 ▒ 94,947
      - Unemployment: 0 ▒ 0
      - Life Expectancy: 84.90 ▒ 0.00
    Year 2034:
      - Income: 205,557 ▒ 95,755
      - Unemployment: 0 ▒ 0
      - Life Expectancy: 84.90 ▒ 0.00
    Year 2035:
      - Income: 208,664 ▒ 96,543
      - Unemployment: 0 ▒ 0
      - Life Expectancy: 84.90 ▒ 0.00

  Scenario: high_spending
  | Education multiplier: 1.5
  | Healthcare multiplier: 1.5
  | Tax multiplier: 0.8
    Status: [OK] VALID
    [ERROR] 'charmap' codec can't encode character '\u26a0' in position 4: character maps to <undefined>

  Scenario: low_spending
  | Education multiplier: 0.7
  | Healthcare multiplier: 0.7
  | Tax multiplier: 1.2
    Status: [OK] VALID
    Year 2026:
      - Income: 147,547 ▒ 98,791
      - Unemployment: 4,325 ▒ 153
      - Life Expectancy: 78.10 ▒ 0.00
    Year 2027:
      - Income: 105,683 ▒ 92,989
      - Unemployment: 8,472 ▒ 319
      - Life Expectancy: 76.37 ▒ 0.00
    Year 2028:
      - Income: 62,324 ▒ 84,463
      - Unemployment: 12,436 ▒ 463
      - Life Expectancy: 75.86 ▒ 0.00
    Year 2029:
      - Income: 21,036 ▒ 76,240
      - Unemployment: 16,216 ▒ 586
      - Life Expectancy: 75.71 ▒ 0.00
    Year 2030:
      - Income: 7,906 ▒ 65,916
      - Unemployment: 19,816 ▒ 690
      - Life Expectancy: 75.66 ▒ 0.00
    Year 2031:
      - Income: 6,139 ▒ 55,556
      - Unemployment: 23,241 ▒ 778
      - Life Expectancy: 75.65 ▒ 0.00
    Year 2032:
      - Income: 4,824 ▒ 46,175
      - Unemployment: 26,498 ▒ 853
      - Life Expectancy: 75.65 ▒ 0.00
    Year 2033:
      - Income: 3,798 ▒ 37,742
      - Unemployment: 29,593 ▒ 915
      - Life Expectancy: 75.65 ▒ 0.00
    Year 2034:
      - Income: 2,980 ▒ 30,133
      - Unemployment: 32,533 ▒ 968
      - Life Expectancy: 75.65 ▒ 0.00
    Year 2035:
      - Income: 2,236 ▒ 23,317
      - Unemployment: 35,324 ▒ 1,012
      - Life Expectancy: 75.65 ▒ 0.00

================================================================================
SUMMARY
================================================================================
 Horizon      Scenario Status  Issues
       1      baseline     OK       0
       1 high_spending     OK       0
       1  low_spending     OK       0
       3      baseline     OK       0
       3 high_spending     OK       1
       3 high_spending   FAIL       1
       3  low_spending     OK       0
       5      baseline     OK       0
       5 high_spending     OK       1
       5 high_spending   FAIL       1
       5  low_spending     OK       0
      10      baseline     OK       0
      10 high_spending     OK       1
      10 high_spending   FAIL       1
      10  low_spending     OK       0

================================================================================
OVERALL: 12/15 scenarios passed validation
================================================================================

[FAIL] Some tests failed. Review issues above.
